// Jest Snapshot v1, https://goo.gl/fbAQLP

exports[`renders home 1`] = `
<div
  className="content_column"
>
  <h2
    className="item_headline"
  >
    Actors
  </h2>
</div>
`;
