// Jest Snapshot v1, https://goo.gl/fbAQLP

exports[`renders Show 1`] = `null`;
