// Jest Snapshot v1, https://goo.gl/fbAQLP

exports[`render app 1`] = `
<div
  className="show_card"
>
  <a
    href="/shows/2"
    onClick={[Function]}
  >
    <img
      alt="Person of Interest"
      src="https://static.tvmaze.com/uploads/images/medium_portrait/163/407679.jpg"
    />
  </a>
  <div
    className="rating"
  >
    <span
      style={
        Object {
          "direction": "ltr",
          "display": "inline-block",
        }
      }
    >
      <span
        onClick={[Function]}
        onMouseMove={[Function]}
        onTouchEnd={[Function]}
        onTouchMove={[Function]}
        style={
          Object {
            "cursor": "inherit",
            "display": "inline-block",
            "position": "relative",
          }
        }
      >
        <span
          style={
            Object {
              "visibility": "hidden",
            }
          }
        >
          <svg
            aria-hidden="true"
            className="svg-inline--fa fa-star-half-stroke "
            data-icon="star-half-stroke"
            data-prefix="fas"
            focusable="false"
            role="img"
            style={Object {}}
            viewBox="0 0 576 512"
            xmlns="http://www.w3.org/2000/svg"
          >
            <path
              d="M463.1 474.7C465.1 486.7 460.2 498.9 450.2 506C440.3 513.1 427.2 514 416.5 508.3L288.1 439.8L159.8 508.3C149 514 135.9 513.1 126 506C116.1 498.9 111.1 486.7 113.2 474.7L137.8 328.1L33.58 225.9C24.97 217.3 21.91 204.7 25.69 193.1C29.46 181.6 39.43 173.2 51.42 171.5L195 150.3L259.4 17.97C264.7 6.954 275.9-.0391 288.1-.0391C300.4-.0391 311.6 6.954 316.9 17.97L381.2 150.3L524.9 171.5C536.8 173.2 546.8 181.6 550.6 193.1C554.4 204.7 551.3 217.3 542.7 225.9L438.5 328.1L463.1 474.7zM288 376.4L288.1 376.3L399.7 435.9L378.4 309.6L469.2 219.8L343.8 201.4L288.1 86.85L288 87.14V376.4z"
              fill="currentColor"
              style={Object {}}
            />
          </svg>
        </span>
        <span
          style={
            Object {
              "display": "inline-block",
              "left": 0,
              "overflow": "hidden",
              "position": "absolute",
              "top": 0,
              "width": "100%",
            }
          }
        >
          <svg
            aria-hidden="true"
            className="svg-inline--fa fa-star "
            data-icon="star"
            data-prefix="fas"
            focusable="false"
            role="img"
            style={Object {}}
            viewBox="0 0 576 512"
            xmlns="http://www.w3.org/2000/svg"
          >
            <path
              d="M381.2 150.3L524.9 171.5C536.8 173.2 546.8 181.6 550.6 193.1C554.4 204.7 551.3 217.3 542.7 225.9L438.5 328.1L463.1 474.7C465.1 486.7 460.2 498.9 450.2 506C440.3 513.1 427.2 514 416.5 508.3L288.1 439.8L159.8 508.3C149 514 135.9 513.1 126 506C116.1 498.9 111.1 486.7 113.2 474.7L137.8 328.1L33.58 225.9C24.97 217.3 21.91 204.7 25.69 193.1C29.46 181.6 39.43 173.2 51.42 171.5L195 150.3L259.4 17.97C264.7 6.954 275.9-.0391 288.1-.0391C300.4-.0391 311.6 6.954 316.9 17.97L381.2 150.3z"
              fill="currentColor"
              style={Object {}}
            />
          </svg>
        </span>
      </span>
      <span
        onClick={[Function]}
        onMouseMove={[Function]}
        onTouchEnd={[Function]}
        onTouchMove={[Function]}
        style={
          Object {
            "cursor": "inherit",
            "display": "inline-block",
            "position": "relative",
          }
        }
      >
        <span
          style={
            Object {
              "visibility": "hidden",
            }
          }
        >
          <svg
            aria-hidden="true"
            className="svg-inline--fa fa-star-half-stroke "
            data-icon="star-half-stroke"
            data-prefix="fas"
            focusable="false"
            role="img"
            style={Object {}}
            viewBox="0 0 576 512"
            xmlns="http://www.w3.org/2000/svg"
          >
            <path
              d="M463.1 474.7C465.1 486.7 460.2 498.9 450.2 506C440.3 513.1 427.2 514 416.5 508.3L288.1 439.8L159.8 508.3C149 514 135.9 513.1 126 506C116.1 498.9 111.1 486.7 113.2 474.7L137.8 328.1L33.58 225.9C24.97 217.3 21.91 204.7 25.69 193.1C29.46 181.6 39.43 173.2 51.42 171.5L195 150.3L259.4 17.97C264.7 6.954 275.9-.0391 288.1-.0391C300.4-.0391 311.6 6.954 316.9 17.97L381.2 150.3L524.9 171.5C536.8 173.2 546.8 181.6 550.6 193.1C554.4 204.7 551.3 217.3 542.7 225.9L438.5 328.1L463.1 474.7zM288 376.4L288.1 376.3L399.7 435.9L378.4 309.6L469.2 219.8L343.8 201.4L288.1 86.85L288 87.14V376.4z"
              fill="currentColor"
              style={Object {}}
            />
          </svg>
        </span>
        <span
          style={
            Object {
              "display": "inline-block",
              "left": 0,
              "overflow": "hidden",
              "position": "absolute",
              "top": 0,
              "width": "100%",
            }
          }
        >
          <svg
            aria-hidden="true"
            className="svg-inline--fa fa-star "
            data-icon="star"
            data-prefix="fas"
            focusable="false"
            role="img"
            style={Object {}}
            viewBox="0 0 576 512"
            xmlns="http://www.w3.org/2000/svg"
          >
            <path
              d="M381.2 150.3L524.9 171.5C536.8 173.2 546.8 181.6 550.6 193.1C554.4 204.7 551.3 217.3 542.7 225.9L438.5 328.1L463.1 474.7C465.1 486.7 460.2 498.9 450.2 506C440.3 513.1 427.2 514 416.5 508.3L288.1 439.8L159.8 508.3C149 514 135.9 513.1 126 506C116.1 498.9 111.1 486.7 113.2 474.7L137.8 328.1L33.58 225.9C24.97 217.3 21.91 204.7 25.69 193.1C29.46 181.6 39.43 173.2 51.42 171.5L195 150.3L259.4 17.97C264.7 6.954 275.9-.0391 288.1-.0391C300.4-.0391 311.6 6.954 316.9 17.97L381.2 150.3z"
              fill="currentColor"
              style={Object {}}
            />
          </svg>
        </span>
      </span>
      <span
        onClick={[Function]}
        onMouseMove={[Function]}
        onTouchEnd={[Function]}
        onTouchMove={[Function]}
        style={
          Object {
            "cursor": "inherit",
            "display": "inline-block",
            "position": "relative",
          }
        }
      >
        <span
          style={
            Object {
              "visibility": "hidden",
            }
          }
        >
          <svg
            aria-hidden="true"
            className="svg-inline--fa fa-star-half-stroke "
            data-icon="star-half-stroke"
            data-prefix="fas"
            focusable="false"
            role="img"
            style={Object {}}
            viewBox="0 0 576 512"
            xmlns="http://www.w3.org/2000/svg"
          >
            <path
              d="M463.1 474.7C465.1 486.7 460.2 498.9 450.2 506C440.3 513.1 427.2 514 416.5 508.3L288.1 439.8L159.8 508.3C149 514 135.9 513.1 126 506C116.1 498.9 111.1 486.7 113.2 474.7L137.8 328.1L33.58 225.9C24.97 217.3 21.91 204.7 25.69 193.1C29.46 181.6 39.43 173.2 51.42 171.5L195 150.3L259.4 17.97C264.7 6.954 275.9-.0391 288.1-.0391C300.4-.0391 311.6 6.954 316.9 17.97L381.2 150.3L524.9 171.5C536.8 173.2 546.8 181.6 550.6 193.1C554.4 204.7 551.3 217.3 542.7 225.9L438.5 328.1L463.1 474.7zM288 376.4L288.1 376.3L399.7 435.9L378.4 309.6L469.2 219.8L343.8 201.4L288.1 86.85L288 87.14V376.4z"
              fill="currentColor"
              style={Object {}}
            />
          </svg>
        </span>
        <span
          style={
            Object {
              "display": "inline-block",
              "left": 0,
              "overflow": "hidden",
              "position": "absolute",
              "top": 0,
              "width": "100%",
            }
          }
        >
          <svg
            aria-hidden="true"
            className="svg-inline--fa fa-star "
            data-icon="star"
            data-prefix="fas"
            focusable="false"
            role="img"
            style={Object {}}
            viewBox="0 0 576 512"
            xmlns="http://www.w3.org/2000/svg"
          >
            <path
              d="M381.2 150.3L524.9 171.5C536.8 173.2 546.8 181.6 550.6 193.1C554.4 204.7 551.3 217.3 542.7 225.9L438.5 328.1L463.1 474.7C465.1 486.7 460.2 498.9 450.2 506C440.3 513.1 427.2 514 416.5 508.3L288.1 439.8L159.8 508.3C149 514 135.9 513.1 126 506C116.1 498.9 111.1 486.7 113.2 474.7L137.8 328.1L33.58 225.9C24.97 217.3 21.91 204.7 25.69 193.1C29.46 181.6 39.43 173.2 51.42 171.5L195 150.3L259.4 17.97C264.7 6.954 275.9-.0391 288.1-.0391C300.4-.0391 311.6 6.954 316.9 17.97L381.2 150.3z"
              fill="currentColor"
              style={Object {}}
            />
          </svg>
        </span>
      </span>
      <span
        onClick={[Function]}
        onMouseMove={[Function]}
        onTouchEnd={[Function]}
        onTouchMove={[Function]}
        style={
          Object {
            "cursor": "inherit",
            "display": "inline-block",
            "position": "relative",
          }
        }
      >
        <span
          style={
            Object {
              "visibility": "hidden",
            }
          }
        >
          <svg
            aria-hidden="true"
            className="svg-inline--fa fa-star-half-stroke "
            data-icon="star-half-stroke"
            data-prefix="fas"
            focusable="false"
            role="img"
            style={Object {}}
            viewBox="0 0 576 512"
            xmlns="http://www.w3.org/2000/svg"
          >
            <path
              d="M463.1 474.7C465.1 486.7 460.2 498.9 450.2 506C440.3 513.1 427.2 514 416.5 508.3L288.1 439.8L159.8 508.3C149 514 135.9 513.1 126 506C116.1 498.9 111.1 486.7 113.2 474.7L137.8 328.1L33.58 225.9C24.97 217.3 21.91 204.7 25.69 193.1C29.46 181.6 39.43 173.2 51.42 171.5L195 150.3L259.4 17.97C264.7 6.954 275.9-.0391 288.1-.0391C300.4-.0391 311.6 6.954 316.9 17.97L381.2 150.3L524.9 171.5C536.8 173.2 546.8 181.6 550.6 193.1C554.4 204.7 551.3 217.3 542.7 225.9L438.5 328.1L463.1 474.7zM288 376.4L288.1 376.3L399.7 435.9L378.4 309.6L469.2 219.8L343.8 201.4L288.1 86.85L288 87.14V376.4z"
              fill="currentColor"
              style={Object {}}
            />
          </svg>
        </span>
        <span
          style={
            Object {
              "display": "inline-block",
              "left": 0,
              "overflow": "hidden",
              "position": "absolute",
              "top": 0,
              "width": "100%",
            }
          }
        >
          <svg
            aria-hidden="true"
            className="svg-inline--fa fa-star "
            data-icon="star"
            data-prefix="fas"
            focusable="false"
            role="img"
            style={Object {}}
            viewBox="0 0 576 512"
            xmlns="http://www.w3.org/2000/svg"
          >
            <path
              d="M381.2 150.3L524.9 171.5C536.8 173.2 546.8 181.6 550.6 193.1C554.4 204.7 551.3 217.3 542.7 225.9L438.5 328.1L463.1 474.7C465.1 486.7 460.2 498.9 450.2 506C440.3 513.1 427.2 514 416.5 508.3L288.1 439.8L159.8 508.3C149 514 135.9 513.1 126 506C116.1 498.9 111.1 486.7 113.2 474.7L137.8 328.1L33.58 225.9C24.97 217.3 21.91 204.7 25.69 193.1C29.46 181.6 39.43 173.2 51.42 171.5L195 150.3L259.4 17.97C264.7 6.954 275.9-.0391 288.1-.0391C300.4-.0391 311.6 6.954 316.9 17.97L381.2 150.3z"
              fill="currentColor"
              style={Object {}}
            />
          </svg>
        </span>
      </span>
      <span
        onClick={[Function]}
        onMouseMove={[Function]}
        onTouchEnd={[Function]}
        onTouchMove={[Function]}
        style={
          Object {
            "cursor": "inherit",
            "display": "inline-block",
            "position": "relative",
          }
        }
      >
        <span
          style={Object {}}
        >
          <svg
            aria-hidden="true"
            className="svg-inline--fa fa-star-half-stroke "
            data-icon="star-half-stroke"
            data-prefix="fas"
            focusable="false"
            role="img"
            style={Object {}}
            viewBox="0 0 576 512"
            xmlns="http://www.w3.org/2000/svg"
          >
            <path
              d="M463.1 474.7C465.1 486.7 460.2 498.9 450.2 506C440.3 513.1 427.2 514 416.5 508.3L288.1 439.8L159.8 508.3C149 514 135.9 513.1 126 506C116.1 498.9 111.1 486.7 113.2 474.7L137.8 328.1L33.58 225.9C24.97 217.3 21.91 204.7 25.69 193.1C29.46 181.6 39.43 173.2 51.42 171.5L195 150.3L259.4 17.97C264.7 6.954 275.9-.0391 288.1-.0391C300.4-.0391 311.6 6.954 316.9 17.97L381.2 150.3L524.9 171.5C536.8 173.2 546.8 181.6 550.6 193.1C554.4 204.7 551.3 217.3 542.7 225.9L438.5 328.1L463.1 474.7zM288 376.4L288.1 376.3L399.7 435.9L378.4 309.6L469.2 219.8L343.8 201.4L288.1 86.85L288 87.14V376.4z"
              fill="currentColor"
              style={Object {}}
            />
          </svg>
        </span>
        <span
          style={
            Object {
              "display": "inline-block",
              "left": 0,
              "overflow": "hidden",
              "position": "absolute",
              "top": 0,
              "width": "50%",
            }
          }
        >
          <svg
            aria-hidden="true"
            className="svg-inline--fa fa-star "
            data-icon="star"
            data-prefix="fas"
            focusable="false"
            role="img"
            style={Object {}}
            viewBox="0 0 576 512"
            xmlns="http://www.w3.org/2000/svg"
          >
            <path
              d="M381.2 150.3L524.9 171.5C536.8 173.2 546.8 181.6 550.6 193.1C554.4 204.7 551.3 217.3 542.7 225.9L438.5 328.1L463.1 474.7C465.1 486.7 460.2 498.9 450.2 506C440.3 513.1 427.2 514 416.5 508.3L288.1 439.8L159.8 508.3C149 514 135.9 513.1 126 506C116.1 498.9 111.1 486.7 113.2 474.7L137.8 328.1L33.58 225.9C24.97 217.3 21.91 204.7 25.69 193.1C29.46 181.6 39.43 173.2 51.42 171.5L195 150.3L259.4 17.97C264.7 6.954 275.9-.0391 288.1-.0391C300.4-.0391 311.6 6.954 316.9 17.97L381.2 150.3z"
              fill="currentColor"
              style={Object {}}
            />
          </svg>
        </span>
      </span>
    </span>
  </div>
  <p>
    Person of Interest
  </p>
</div>
`;
